
https://www.howtogeek.com/426562/how-to-export-and-import-your-linux-systems-on-windows-10/

Windows PowerShell
Copyright (C) Microsoft Corporation. Alle Rechte vorbehalten.

Lernen Sie das neue plattformübergreifende PowerShell kennen – https://aka.ms/pscore6

PS C:\Users\JohnBehrens> wsl --list
Windows-Subsystem für Linux-Distributionen:
Ubuntu-20.04 (Standard)
PS C:\Users\JohnBehrens> wsl --export Ubuntu ubuntu.tar
Es gibt keine Verteilung mit dem angegebenen Namen.
PS C:\Users\JohnBehrens> wsl --export Ubuntu-20.04 ubuntu.tar
PS C:\Users\JohnBehrens> wsl import Ubuntu-php8 c:\Users\JohnBehrens\ubuntu-php8 ubuntu.tar
/bin/bash: import: command not found
PS C:\Users\JohnBehrens> wsl --import Ubuntu-php8 c:\Users\JohnBehrens\ubuntu-php8 ubuntu.tar

# execute distribution
wsl.exe -d Ubuntu-18.04

sudo apt install software-properties-common
sudo add-apt-repository ppa:ondrej/php

sudo apt update
sudo apt install php8.0 php8.0-mbstring php8.0-common php8.0-cli php8.0-{bz2,curl,intl,mysql,readline,xml,zip,yaml} 